// Jest Snapshot v1, https://goo.gl/fbAQLP

exports[`RideFinder should render ride finder 1`] = `
<div>
  <h1>
    Find a Ride
  </h1>
  <div
    id="map"
  />
</div>
`;
